[0m15:59:06.740218 [debug] [MainThread]: Sending event: {'category': 'dbt', 'action': 'invocation', 'label': 'start', 'context': [<snowplow_tracker.self_describing_json.SelfDescribingJson object at 0x7c3606169f40>, <snowplow_tracker.self_describing_json.SelfDescribingJson object at 0x7c360a676840>, <snowplow_tracker.self_describing_json.SelfDescribingJson object at 0x7c360616b4d0>]}


============================== 15:59:06.753965 | 7e40a7fd-51e6-4b5d-828e-e6194ce90821 ==============================
[0m15:59:06.753965 [info ] [MainThread]: Running with dbt=1.7.19
[0m15:59:06.755925 [debug] [MainThread]: running dbt with arguments {'printer_width': '80', 'indirect_selection': 'eager', 'log_cache_events': 'False', 'write_json': 'True', 'partial_parse': 'True', 'cache_selected_only': 'False', 'profiles_dir': '/home/hiron/.dbt', 'version_check': 'True', 'fail_fast': 'False', 'log_path': 'logs', 'debug': 'False', 'warn_error': 'None', 'use_colors': 'True', 'use_experimental_parser': 'False', 'no_print': 'None', 'quiet': 'False', 'warn_error_options': 'WarnErrorOptions(include=[], exclude=[])', 'introspect': 'True', 'static_parser': 'True', 'invocation_command': 'dbt debug', 'target_path': 'None', 'log_format': 'default', 'send_anonymous_usage_stats': 'True'}
[0m15:59:06.756592 [info ] [MainThread]: dbt version: 1.7.19
[0m15:59:06.757039 [info ] [MainThread]: python version: 3.12.3
[0m15:59:06.757451 [info ] [MainThread]: python path: /home/hiron/spark-env/bin/python3
[0m15:59:06.757915 [info ] [MainThread]: os info: Linux-6.6.87.2-microsoft-standard-WSL2-x86_64-with-glibc2.39
[0m15:59:06.758592 [info ] [MainThread]: Using profiles dir at /home/hiron/.dbt
[0m15:59:06.759318 [info ] [MainThread]: Using profiles.yml file at /home/hiron/.dbt/profiles.yml
[0m15:59:06.759766 [info ] [MainThread]: Using dbt_project.yml file at /home/hiron/Tega-Michael-Brian-Project/dbt_project.yml
[0m15:59:06.760216 [info ] [MainThread]: Configuration:
[0m15:59:06.760624 [info ] [MainThread]:   profiles.yml file [[31mERROR not found[0m]
[0m15:59:06.761091 [info ] [MainThread]:   dbt_project.yml file [[31mERROR not found[0m]
[0m15:59:06.761447 [info ] [MainThread]: Required dependencies:
[0m15:59:06.761810 [debug] [MainThread]: Executing "git --help"
[0m15:59:06.798475 [debug] [MainThread]: STDOUT: "b"usage: git [-v | --version] [-h | --help] [-C <path>] [-c <name>=<value>]\n           [--exec-path[=<path>]] [--html-path] [--man-path] [--info-path]\n           [-p | --paginate | -P | --no-pager] [--no-replace-objects] [--bare]\n           [--git-dir=<path>] [--work-tree=<path>] [--namespace=<name>]\n           [--config-env=<name>=<envvar>] <command> [<args>]\n\nThese are common Git commands used in various situations:\n\nstart a working area (see also: git help tutorial)\n   clone     Clone a repository into a new directory\n   init      Create an empty Git repository or reinitialize an existing one\n\nwork on the current change (see also: git help everyday)\n   add       Add file contents to the index\n   mv        Move or rename a file, a directory, or a symlink\n   restore   Restore working tree files\n   rm        Remove files from the working tree and from the index\n\nexamine the history and state (see also: git help revisions)\n   bisect    Use binary search to find the commit that introduced a bug\n   diff      Show changes between commits, commit and working tree, etc\n   grep      Print lines matching a pattern\n   log       Show commit logs\n   show      Show various types of objects\n   status    Show the working tree status\n\ngrow, mark and tweak your common history\n   branch    List, create, or delete branches\n   commit    Record changes to the repository\n   merge     Join two or more development histories together\n   rebase    Reapply commits on top of another base tip\n   reset     Reset current HEAD to the specified state\n   switch    Switch branches\n   tag       Create, list, delete or verify a tag object signed with GPG\n\ncollaborate (see also: git help workflows)\n   fetch     Download objects and refs from another repository\n   pull      Fetch from and integrate with another repository or a local branch\n   push      Update remote refs along with associated objects\n\n'git help -a' and 'git help -g' list available subcommands and some\nconcept guides. See 'git help <command>' or 'git help <concept>'\nto read about a specific subcommand or concept.\nSee 'git help git' for an overview of the system.\n""
[0m15:59:06.799650 [debug] [MainThread]: STDERR: "b''"
[0m15:59:06.800311 [info ] [MainThread]:  - git [[32mOK found[0m]

[0m15:59:06.800899 [info ] [MainThread]: Connection test skipped since no profile was found
[0m15:59:06.801710 [info ] [MainThread]: [31m2 checks failed:[0m
[0m15:59:06.802275 [info ] [MainThread]: dbt looked for a profiles.yml file in /home/hiron/.dbt/profiles.yml, but did
not find one. For more information on configuring your profile, consult the
documentation:

https://docs.getdbt.com/docs/configure-your-profile


[0m15:59:06.802859 [info ] [MainThread]: Project loading failed for the following reason:
 project path </home/hiron/Tega-Michael-Brian-Project/dbt_project.yml> not found

[0m15:59:06.805626 [debug] [MainThread]: Resource report: {"command_name": "debug", "command_wall_clock_time": 0.12826361, "process_user_time": 2.640736, "process_kernel_time": 2.270245, "process_mem_max_rss": "97924", "process_in_blocks": "10792", "process_out_blocks": "16", "command_success": false}
[0m15:59:06.806822 [debug] [MainThread]: Command `dbt debug` failed at 15:59:06.806345 after 0.13 seconds
[0m15:59:06.807809 [debug] [MainThread]: Sending event: {'category': 'dbt', 'action': 'invocation', 'label': 'end', 'context': [<snowplow_tracker.self_describing_json.SelfDescribingJson object at 0x7c360890bec0>, <snowplow_tracker.self_describing_json.SelfDescribingJson object at 0x7c3606567950>, <snowplow_tracker.self_describing_json.SelfDescribingJson object at 0x7c360a676840>]}
[0m15:59:06.808692 [debug] [MainThread]: Flushing usage events
[0m16:20:58.959963 [debug] [MainThread]: Sending event: {'category': 'dbt', 'action': 'invocation', 'label': 'start', 'context': [<snowplow_tracker.self_describing_json.SelfDescribingJson object at 0x76700fa63fe0>, <snowplow_tracker.self_describing_json.SelfDescribingJson object at 0x76700fa61640>, <snowplow_tracker.self_describing_json.SelfDescribingJson object at 0x76700fa63f50>]}


============================== 16:20:58.966490 | f8ba1f80-2af8-40fc-ae5b-c7a704c0716f ==============================
[0m16:20:58.966490 [info ] [MainThread]: Running with dbt=1.7.19
[0m16:20:58.967272 [debug] [MainThread]: running dbt with arguments {'printer_width': '80', 'indirect_selection': 'eager', 'write_json': 'True', 'log_cache_events': 'False', 'partial_parse': 'True', 'cache_selected_only': 'False', 'warn_error': 'None', 'debug': 'False', 'version_check': 'True', 'log_path': 'logs', 'fail_fast': 'False', 'profiles_dir': '/home/hiron/.dbt', 'use_colors': 'True', 'use_experimental_parser': 'False', 'no_print': 'None', 'quiet': 'False', 'log_format': 'default', 'invocation_command': 'dbt run', 'static_parser': 'True', 'introspect': 'True', 'target_path': 'None', 'warn_error_options': 'WarnErrorOptions(include=[], exclude=[])', 'send_anonymous_usage_stats': 'True'}
[0m16:20:58.967875 [error] [MainThread]: Encountered an error:
Runtime Error
  No dbt_project.yml found at expected path /home/hiron/Tega-Michael-Brian-Project/dbt_project.yml
  Verify that each entry within packages.yml (and their transitive dependencies) contains a file named dbt_project.yml
  
[0m16:20:58.970403 [debug] [MainThread]: Resource report: {"command_name": "run", "command_wall_clock_time": 0.051314812, "process_user_time": 1.990603, "process_kernel_time": 0.622559, "process_mem_max_rss": "97464", "process_in_blocks": "85488", "process_out_blocks": "8", "command_success": false}
[0m16:20:58.971002 [debug] [MainThread]: Command `dbt run` failed at 16:20:58.970889 after 0.05 seconds
[0m16:20:58.971383 [debug] [MainThread]: Sending event: {'category': 'dbt', 'action': 'invocation', 'label': 'end', 'context': [<snowplow_tracker.self_describing_json.SelfDescribingJson object at 0x76700fd20410>, <snowplow_tracker.self_describing_json.SelfDescribingJson object at 0x7670100baa50>, <snowplow_tracker.self_describing_json.SelfDescribingJson object at 0x76700fa63b30>]}
[0m16:20:58.971859 [debug] [MainThread]: Flushing usage events
[0m16:42:40.478143 [debug] [MainThread]: Sending event: {'category': 'dbt', 'action': 'invocation', 'label': 'start', 'context': [<snowplow_tracker.self_describing_json.SelfDescribingJson object at 0x70b978a97320>, <snowplow_tracker.self_describing_json.SelfDescribingJson object at 0x70b978a94ce0>, <snowplow_tracker.self_describing_json.SelfDescribingJson object at 0x70b978a94440>]}


============================== 16:42:40.488212 | d1b5cb3a-bab2-4a60-86c1-3755e7f77553 ==============================
[0m16:42:40.488212 [info ] [MainThread]: Running with dbt=1.7.19
[0m16:42:40.488930 [debug] [MainThread]: running dbt with arguments {'printer_width': '80', 'indirect_selection': 'eager', 'write_json': 'True', 'log_cache_events': 'False', 'partial_parse': 'True', 'cache_selected_only': 'False', 'warn_error': 'None', 'debug': 'False', 'profiles_dir': '/home/hiron/.dbt', 'log_path': 'logs', 'version_check': 'True', 'fail_fast': 'False', 'use_colors': 'True', 'use_experimental_parser': 'False', 'no_print': 'None', 'quiet': 'False', 'warn_error_options': 'WarnErrorOptions(include=[], exclude=[])', 'introspect': 'True', 'invocation_command': 'dbt clean', 'log_format': 'default', 'target_path': 'None', 'static_parser': 'True', 'send_anonymous_usage_stats': 'True'}
[0m16:42:40.489548 [error] [MainThread]: Encountered an error:
Runtime Error
  No dbt_project.yml found at expected path /home/hiron/Tega-Michael-Brian-Project/dbt_project.yml
  Verify that each entry within packages.yml (and their transitive dependencies) contains a file named dbt_project.yml
  
[0m16:42:40.491538 [debug] [MainThread]: Resource report: {"command_name": "clean", "command_wall_clock_time": 0.057052325, "process_user_time": 2.249575, "process_kernel_time": 0.782291, "process_mem_max_rss": "98092", "process_in_blocks": "8", "process_out_blocks": "8", "command_success": false}
[0m16:42:40.492309 [debug] [MainThread]: Command `dbt clean` failed at 16:42:40.492087 after 0.06 seconds
[0m16:42:40.492803 [debug] [MainThread]: Sending event: {'category': 'dbt', 'action': 'invocation', 'label': 'end', 'context': [<snowplow_tracker.self_describing_json.SelfDescribingJson object at 0x70b978a958b0>, <snowplow_tracker.self_describing_json.SelfDescribingJson object at 0x70b978a95d90>, <snowplow_tracker.self_describing_json.SelfDescribingJson object at 0x70b978a96d20>]}
[0m16:42:40.493268 [debug] [MainThread]: Flushing usage events
